#-----------------------------------------------------------
# Vivado v2018.2 (64-bit)
# SW Build 2258646 on Thu Jun 14 20:03:12 MDT 2018
# IP Build 2256618 on Thu Jun 14 22:10:49 MDT 2018
# Start of session at: Sat Dec  1 21:30:54 2018
# Process ID: 22648
# Current directory: C:/Users/liujiashuo/Desktop/thinpad_top
# Command line: vivado.exe -gui_launcher_event rodinguilauncherevent23136 C:\Users\liujiashuo\Desktop\thinpad_top\thinpad_top.xpr
# Log file: C:/Users/liujiashuo/Desktop/thinpad_top/vivado.log
# Journal file: C:/Users/liujiashuo/Desktop/thinpad_top\vivado.jou
#-----------------------------------------------------------
start_gui
open_project C:/Users/liujiashuo/Desktop/thinpad_top/thinpad_top.xpr
update_compile_order -fileset sources_1
reset_run synth_1
launch_runs synth_1 -jobs 8
wait_on_run synth_1
open_run synth_1 -name synth_1
create_debug_core u_ila_0 ila
set_property C_DATA_DEPTH 1024 [get_debug_cores u_ila_0]
set_property C_TRIGIN_EN false [get_debug_cores u_ila_0]
set_property C_TRIGOUT_EN false [get_debug_cores u_ila_0]
set_property C_ADV_TRIGGER false [get_debug_cores u_ila_0]
set_property C_INPUT_PIPE_STAGES 0 [get_debug_cores u_ila_0]
set_property C_EN_STRG_QUAL false [get_debug_cores u_ila_0]
set_property ALL_PROBE_SAME_MU true [get_debug_cores u_ila_0]
set_property ALL_PROBE_SAME_MU_CNT 1 [get_debug_cores u_ila_0]
create_debug_core u_ila_1 ila
set_property C_DATA_DEPTH 1024 [get_debug_cores u_ila_1]
set_property C_TRIGIN_EN false [get_debug_cores u_ila_1]
set_property C_TRIGOUT_EN false [get_debug_cores u_ila_1]
set_property C_ADV_TRIGGER false [get_debug_cores u_ila_1]
set_property C_INPUT_PIPE_STAGES 0 [get_debug_cores u_ila_1]
set_property C_EN_STRG_QUAL false [get_debug_cores u_ila_1]
set_property ALL_PROBE_SAME_MU true [get_debug_cores u_ila_1]
set_property ALL_PROBE_SAME_MU_CNT 1 [get_debug_cores u_ila_1]
create_debug_core u_ila_2 ila
set_property C_DATA_DEPTH 1024 [get_debug_cores u_ila_2]
set_property C_TRIGIN_EN false [get_debug_cores u_ila_2]
set_property C_TRIGOUT_EN false [get_debug_cores u_ila_2]
set_property C_ADV_TRIGGER false [get_debug_cores u_ila_2]
set_property C_INPUT_PIPE_STAGES 0 [get_debug_cores u_ila_2]
set_property C_EN_STRG_QUAL false [get_debug_cores u_ila_2]
set_property ALL_PROBE_SAME_MU true [get_debug_cores u_ila_2]
set_property ALL_PROBE_SAME_MU_CNT 1 [get_debug_cores u_ila_2]
set_property port_width 1 [get_debug_ports u_ila_0/clk]
connect_debug_port u_ila_0/clk [get_nets [list clock_gen/inst/clk_out2 ]]
set_property port_width 1 [get_debug_ports u_ila_1/clk]
connect_debug_port u_ila_1/clk [get_nets [list mmu_memory_version1/n_4_114_BUFG ]]
set_property port_width 1 [get_debug_ports u_ila_2/clk]
connect_debug_port u_ila_2/clk [get_nets [list clock_gen/inst/clk_out1 ]]
set_property port_width 8 [get_debug_ports u_ila_0/probe0]
set_property PROBE_TYPE DATA_AND_TRIGGER [get_debug_ports u_ila_0/probe0]
connect_debug_port u_ila_0/probe0 [get_nets [list {mmu_memory_version1/directUart/ext_uart_rx[0]} {mmu_memory_version1/directUart/ext_uart_rx[1]} {mmu_memory_version1/directUart/ext_uart_rx[2]} {mmu_memory_version1/directUart/ext_uart_rx[3]} {mmu_memory_version1/directUart/ext_uart_rx[4]} {mmu_memory_version1/directUart/ext_uart_rx[5]} {mmu_memory_version1/directUart/ext_uart_rx[6]} {mmu_memory_version1/directUart/ext_uart_rx[7]} ]]
create_debug_port u_ila_0 probe
set_property port_width 8 [get_debug_ports u_ila_0/probe1]
set_property PROBE_TYPE DATA_AND_TRIGGER [get_debug_ports u_ila_0/probe1]
connect_debug_port u_ila_0/probe1 [get_nets [list {mmu_memory_version1/directUart/ext_uart_tx[0]} {mmu_memory_version1/directUart/ext_uart_tx[1]} {mmu_memory_version1/directUart/ext_uart_tx[2]} {mmu_memory_version1/directUart/ext_uart_tx[3]} {mmu_memory_version1/directUart/ext_uart_tx[4]} {mmu_memory_version1/directUart/ext_uart_tx[5]} {mmu_memory_version1/directUart/ext_uart_tx[6]} {mmu_memory_version1/directUart/ext_uart_tx[7]} ]]
create_debug_port u_ila_0 probe
set_property port_width 1 [get_debug_ports u_ila_0/probe2]
set_property PROBE_TYPE DATA_AND_TRIGGER [get_debug_ports u_ila_0/probe2]
connect_debug_port u_ila_0/probe2 [get_nets [list mmu_memory_version1/directUart/ext_uart_busy ]]
create_debug_port u_ila_0 probe
set_property port_width 1 [get_debug_ports u_ila_0/probe3]
set_property PROBE_TYPE DATA_AND_TRIGGER [get_debug_ports u_ila_0/probe3]
connect_debug_port u_ila_0/probe3 [get_nets [list mmu_memory_version1/directUart/ext_uart_ready ]]
set_property port_width 32 [get_debug_ports u_ila_1/probe0]
set_property PROBE_TYPE DATA_AND_TRIGGER [get_debug_ports u_ila_1/probe0]
connect_debug_port u_ila_1/probe0 [get_nets [list {inst[0]} {inst[1]} {inst[2]} {inst[3]} {inst[4]} {inst[5]} {inst[6]} {inst[7]} {inst[8]} {inst[9]} {inst[10]} {inst[11]} {inst[12]} {inst[13]} {inst[14]} {inst[15]} {inst[16]} {inst[17]} {inst[18]} {inst[19]} {inst[20]} {inst[21]} {inst[22]} {inst[23]} {inst[24]} {inst[25]} {inst[26]} {inst[27]} {inst[28]} {inst[29]} {inst[30]} {inst[31]} ]]
set_property port_width 32 [get_debug_ports u_ila_2/probe0]
set_property PROBE_TYPE DATA_AND_TRIGGER [get_debug_ports u_ila_2/probe0]
connect_debug_port u_ila_2/probe0 [get_nets [list {inst_addr[0]} {inst_addr[1]} {inst_addr[2]} {inst_addr[3]} {inst_addr[4]} {inst_addr[5]} {inst_addr[6]} {inst_addr[7]} {inst_addr[8]} {inst_addr[9]} {inst_addr[10]} {inst_addr[11]} {inst_addr[12]} {inst_addr[13]} {inst_addr[14]} {inst_addr[15]} {inst_addr[16]} {inst_addr[17]} {inst_addr[18]} {inst_addr[19]} {inst_addr[20]} {inst_addr[21]} {inst_addr[22]} {inst_addr[23]} {inst_addr[24]} {inst_addr[25]} {inst_addr[26]} {inst_addr[27]} {inst_addr[28]} {inst_addr[29]} {inst_addr[30]} {inst_addr[31]} ]]
save_constraints
launch_runs impl_1 -jobs 8
wait_on_run impl_1
launch_runs impl_1 -to_step write_bitstream -jobs 8
wait_on_run impl_1
open_hw
connect_hw_server
open_hw_target -xvc_url 192.168.8.8:2542
refresh_hw_device [lindex [get_hw_devices xc7a100t_0] 0]
set_property PROBES.FILE {C:/Users/liujiashuo/Desktop/thinpad_top/thinpad_top.runs/impl_1/thinpad_top.ltx} [get_hw_devices xc7a100t_0]
set_property FULL_PROBES.FILE {C:/Users/liujiashuo/Desktop/thinpad_top/thinpad_top.runs/impl_1/thinpad_top.ltx} [get_hw_devices xc7a100t_0]
set_property PROGRAM.FILE {C:/Users/liujiashuo/Desktop/thinpad_top/thinpad_top.runs/impl_1/thinpad_top.bit} [get_hw_devices xc7a100t_0]
program_hw_devices [get_hw_devices xc7a100t_0]
refresh_hw_device [lindex [get_hw_devices xc7a100t_0] 0]
display_hw_ila_data [ get_hw_ila_data hw_ila_data_1 -of_objects [get_hw_ilas -of_objects [get_hw_devices xc7a100t_0] -filter {CELL_NAME=~"u_ila_0"}]]
display_hw_ila_data [ get_hw_ila_data hw_ila_data_2 -of_objects [get_hw_ilas -of_objects [get_hw_devices xc7a100t_0] -filter {CELL_NAME=~"u_ila_1"}]]
display_hw_ila_data [ get_hw_ila_data hw_ila_data_3 -of_objects [get_hw_ilas -of_objects [get_hw_devices xc7a100t_0] -filter {CELL_NAME=~"u_ila_2"}]]
run_hw_ila [get_hw_ilas -of_objects [get_hw_devices xc7a100t_0] -filter {CELL_NAME=~"u_ila_2"}]
run_hw_ila [get_hw_ilas -of_objects [get_hw_devices xc7a100t_0] -filter {CELL_NAME=~"u_ila_2"}]
run_hw_ila [get_hw_ilas -of_objects [get_hw_devices xc7a100t_0] -filter {CELL_NAME=~"u_ila_2"}]
run_hw_ila [get_hw_ilas -of_objects [get_hw_devices xc7a100t_0] -filter {CELL_NAME=~"u_ila_2"}]
run_hw_ila [get_hw_ilas -of_objects [get_hw_devices xc7a100t_0] -filter {CELL_NAME=~"u_ila_2"}]
run_hw_ila [get_hw_ilas -of_objects [get_hw_devices xc7a100t_0] -filter {CELL_NAME=~"u_ila_2"}]
run_hw_ila [get_hw_ilas -of_objects [get_hw_devices xc7a100t_0] -filter {CELL_NAME=~"u_ila_2"}]
run_hw_ila [get_hw_ilas -of_objects [get_hw_devices xc7a100t_0] -filter {CELL_NAME=~"u_ila_2"}] -trigger_now
run_hw_ila [get_hw_ilas -of_objects [get_hw_devices xc7a100t_0] -filter {CELL_NAME=~"u_ila_2"}] -trigger_now
run_hw_ila [get_hw_ilas -of_objects [get_hw_devices xc7a100t_0] -filter {CELL_NAME=~"u_ila_2"}] -trigger_now
run_hw_ila [get_hw_ilas -of_objects [get_hw_devices xc7a100t_0] -filter {CELL_NAME=~"u_ila_2"}] -trigger_now
run_hw_ila [get_hw_ilas -of_objects [get_hw_devices xc7a100t_0] -filter {CELL_NAME=~"u_ila_2"}]
add_wave -into {hw_ila_data_3.wcfg} -radix hex { {inst_addr} }
run_hw_ila [get_hw_ilas -of_objects [get_hw_devices xc7a100t_0] -filter {CELL_NAME=~"u_ila_1"}]
run_hw_ila [get_hw_ilas -of_objects [get_hw_devices xc7a100t_0] -filter {CELL_NAME=~"u_ila_1"}] -trigger_now
run_hw_ila [get_hw_ilas -of_objects [get_hw_devices xc7a100t_0] -filter {CELL_NAME=~"u_ila_0"}] -trigger_now
run_hw_ila [get_hw_ilas -of_objects [get_hw_devices xc7a100t_0] -filter {CELL_NAME=~"u_ila_0"}] -trigger_now
save_wave_config {C:/Users/liujiashuo/Desktop/thinpad_top/thinpad_top.hw/hw_1/wave/hw_ila_data_1/hw_ila_data_1.wcfg}
save_wave_config {C:/Users/liujiashuo/Desktop/thinpad_top/thinpad_top.hw/hw_1/wave/hw_ila_data_2/hw_ila_data_2.wcfg}
save_wave_config {C:/Users/liujiashuo/Desktop/thinpad_top/thinpad_top.hw/hw_1/wave/hw_ila_data_3/hw_ila_data_3.wcfg}
close_project
open_project C:/Users/liujiashuo/Desktop/thinpad_top/thinpad_top.xpr
update_compile_order -fileset sources_1
open_hw
connect_hw_server
refresh_hw_server {localhost:3121}
open_hw_target -xvc_url 192.168.8.8:2542
refresh_hw_device [lindex [get_hw_devices xc7a100t_0] 0]
display_hw_ila_data [ get_hw_ila_data hw_ila_data_1 -of_objects [get_hw_ilas -of_objects [get_hw_devices xc7a100t_0] -filter {CELL_NAME=~"u_ila_0"}]]
display_hw_ila_data [ get_hw_ila_data hw_ila_data_2 -of_objects [get_hw_ilas -of_objects [get_hw_devices xc7a100t_0] -filter {CELL_NAME=~"u_ila_1"}]]
display_hw_ila_data [ get_hw_ila_data hw_ila_data_3 -of_objects [get_hw_ilas -of_objects [get_hw_devices xc7a100t_0] -filter {CELL_NAME=~"u_ila_2"}]]
run_hw_ila [get_hw_ilas -of_objects [get_hw_devices xc7a100t_0] -filter {CELL_NAME=~"u_ila_0"}] -trigger_now
run_hw_ila [get_hw_ilas -of_objects [get_hw_devices xc7a100t_0] -filter {CELL_NAME=~"u_ila_1"}] -trigger_now
run_hw_ila [get_hw_ilas -of_objects [get_hw_devices xc7a100t_0] -filter {CELL_NAME=~"u_ila_2"}] -trigger_now
open_run synth_1 -name synth_1
save_wave_config {C:/Users/liujiashuo/Desktop/thinpad_top/thinpad_top.hw/hw_1/wave/hw_ila_data_1/hw_ila_data_1.wcfg}
save_wave_config {C:/Users/liujiashuo/Desktop/thinpad_top/thinpad_top.hw/hw_1/wave/hw_ila_data_2/hw_ila_data_2.wcfg}
save_wave_config {C:/Users/liujiashuo/Desktop/thinpad_top/thinpad_top.hw/hw_1/wave/hw_ila_data_3/hw_ila_data_3.wcfg}
close_hw_target {localhost:3121/xilinx_tcf/Xilinx/192.168.8.8:2542}
